   1               		.file	"main.c"
   2               	__SP_H__ = 0x3e
   3               	__SP_L__ = 0x3d
   4               	__SREG__ = 0x3f
   5               	__CCP__ = 0x34
   6               	__tmp_reg__ = 0
   7               	__zero_reg__ = 1
   8               		.text
   9               		.section	.text.startup.main,"ax",@progbits
  10               	.global	main
  12               	main:
  13               	/* prologue: function */
  14               	/* frame size = 0 */
  15               	/* stack size = 0 */
  16               	.L__stack_usage = 0
  17 0000 8091 0004 		lds r24,1024
  18 0004 8061      		ori r24,lo8(16)
  19 0006 8093 0004 		sts 1024,r24
  20 000a 90E1      		ldi r25,lo8(16)
  21               	.L2:
  22 000c 2FEF      		ldi r18,lo8(7999999)
  23 000e 31E1      		ldi r19,hi8(7999999)
  24 0010 8AE7      		ldi r24,hlo8(7999999)
  25 0012 2150      	1:	subi r18,1
  26 0014 3040      		sbci r19,0
  27 0016 8040      		sbci r24,0
  28 0018 01F4      		brne 1b
  29 001a 00C0      		rjmp .
  30 001c 0000      		nop
  31 001e 8091 0404 		lds r24,1028
  32 0022 8927      		eor r24,r25
  33 0024 8093 0404 		sts 1028,r24
  34 0028 00C0      		rjmp .L2
  36               		.ident	"GCC: (GNU) 15.1.0"
DEFINED SYMBOLS
                            *ABS*:00000000 main.c
     /tmp/ccYzF0Xv.s:2      *ABS*:0000003e __SP_H__
     /tmp/ccYzF0Xv.s:3      *ABS*:0000003d __SP_L__
     /tmp/ccYzF0Xv.s:4      *ABS*:0000003f __SREG__
     /tmp/ccYzF0Xv.s:5      *ABS*:00000034 __CCP__
     /tmp/ccYzF0Xv.s:6      *ABS*:00000000 __tmp_reg__
     /tmp/ccYzF0Xv.s:7      *ABS*:00000001 __zero_reg__
     /tmp/ccYzF0Xv.s:12     .text.startup.main:00000000 main
     /tmp/ccYzF0Xv.s:29     .text.startup.main:0000001c L0
     /tmp/ccYzF0Xv.s:25     .text.startup.main:00000012 .L11
     /tmp/ccYzF0Xv.s:21     .text.startup.main:0000000c .L2

NO UNDEFINED SYMBOLS
